// Jest Snapshot v1, https://goo.gl/fbAQLP

exports[`should handle reviews success action 1`] = `
Array [
  Object {
    "type": "REVIEWS_LOADING",
  },
  Object {
    "reviews": Array [
      Object {
        "movie": 0,
        "results": Array [
          Object {
            "author": "Mark",
          },
          Object {
            "author": "Paul",
          },
        ],
      },
    ],
    "type": "REVIEWS_SUCCESS",
  },
]
`;
