// Jest Snapshot v1, https://goo.gl/fbAQLP

exports[`renders details screen using Snapshots 1`] = `
<View
  style={
    Object {
      "backgroundColor": "#ffffff",
      "flex": 1,
    }
  }
>
  <View>
    <Image
      source={
        Object {
          "uri": "https://image.tmdb.org/t/p/w500/kqjL17yufvn9OVLyXYpvtyrFfak.jpg",
        }
      }
      style={
        Object {
          "backgroundColor": "black",
          "height": 533.6,
          "width": 750,
        }
      }
    />
    <Image
      resizeMode="cover"
      source={
        Object {
          "uri": "https://image.tmdb.org/t/p/w500/kqjL17yufvn9OVLyXYpvtyrFfak.jpg",
        }
      }
      style={
        Object {
          "backgroundColor": "black",
          "bottom": -177.86666666666667,
          "height": 355.73333333333335,
          "marginLeft": 20,
          "position": "absolute",
          "width": 237.15555555555557,
        }
      }
    />
    <Text
      style={
        Object {
          "bottom": 0,
          "color": "white",
          "fontSize": 20,
          "fontWeight": "bold",
          "left": 277.15555555555557,
          "marginBottom": 23,
          "position": "absolute",
          "right": 20,
          "textTransform": "uppercase",
        }
      }
    >
      Spiderman
    </Text>
  </View>
  <View
    style={
      Object {
        "flex": 1,
        "left": 277.15555555555557,
        "marginTop": 23,
        "maxHeight": 154.86666666666667,
        "width": 462.84444444444443,
      }
    }
  >
    <Text
      style={
        Object {
          "fontWeight": "bold",
        }
      }
    >
      1200
       
      <Text
        style={
          Object {
            "color": "black",
            "fontWeight": "300",
          }
        }
      >
        People watching
      </Text>
    </Text>
    <Text
      numberOfLines={3}
      style={
        Object {
          "color": "black",
          "fontWeight": "300",
        }
      }
    >
      Aventure, Drama, Terror
    </Text>
    <View
      style={
        Object {
          "flex": 1,
          "flexDirection": "row",
        }
      }
    >
      <Text>
        9.1
      </Text>
      <View>
        <Text>
          9.1
        </Text>
      </View>
    </View>
  </View>
  <View
    style={
      Object {
        "flex": 1,
        "margin": 23,
      }
    }
  >
    <Text
      numberOfLines={5}
      style={
        Object {
          "color": "#696969",
          "fontSize": 18,
          "fontWeight": "500",
        }
      }
    >
      Amazing movie
    </Text>
    <View
      accessibilityRole="button"
      accessibilityStates={Array []}
      accessible={true}
      isTVSelectable={true}
      onResponderGrant={[Function]}
      onResponderMove={[Function]}
      onResponderRelease={[Function]}
      onResponderTerminate={[Function]}
      onResponderTerminationRequest={[Function]}
      onStartShouldSetResponder={[Function]}
      style={
        Object {
          "opacity": 1,
        }
      }
    >
      <View
        style={
          Array [
            Object {},
          ]
        }
      >
        <Text
          style={
            Array [
              Object {
                "color": "#007AFF",
                "fontSize": 18,
                "padding": 8,
                "textAlign": "center",
              },
            ]
          }
        >
          Show Reviews
        </Text>
      </View>
    </View>
  </View>
</View>
`;
