// Jest Snapshot v1, https://goo.gl/fbAQLP

exports[`renders home screen using Snapshots 1`] = `
<View
  style={
    Object {
      "backgroundColor": "#ffffff",
      "flex": 1,
    }
  }
>
  <View
    style={
      Object {
        "alignItems": "center",
        "flexDirection": "row",
        "justifyContent": "space-between",
        "margin": 20,
      }
    }
  >
    <Text
      style={
        Object {
          "fontSize": 20,
          "fontWeight": "500",
        }
      }
    >
      Reviews (
      3
      )
    </Text>
    <Image
      resizeMode="contain"
      source={
        Object {
          "uri": "https://image.tmdb.org/t/p/w500/kqjL17yufvn9OVLyXYpvtyrFfak.jpg",
        }
      }
      style={
        Object {
          "height": 130,
          "marginRight": 40,
          "width": 90,
        }
      }
    />
  </View>
  <RCTScrollView
    ItemSeparatorComponent={[Function]}
    ListFooterComponent={[Function]}
    ListHeaderComponent={[Function]}
    data={
      Array [
        Object {
          "author": "Antony Maciel",
          "content": "Great Movie!!!",
          "id": 1,
          "url": "https://www.themoviedb.org/review/5d2ddc7d6a300b0011a469df",
        },
        Object {
          "author": "Antony Maciel",
          "content": "Great Movie!, always has amazing content 
 I love this movie",
          "id": 2,
          "url": "https://www.themoviedb.org/review/5d2ddc7d6a300b0011a469df",
        },
        Object {
          "author": "Antony Maciel",
          "content": "&^%$#@!",
          "id": 3,
          "url": "https://www.themoviedb.org/review/5d2ddc7d6a300b0011a469df",
        },
      ]
    }
    disableVirtualization={false}
    getItem={[Function]}
    getItemCount={[Function]}
    horizontal={false}
    initialNumToRender={10}
    keyExtractor={[Function]}
    keyboardShouldPersistTaps="always"
    maxToRenderPerBatch={10}
    numColumns={1}
    onContentSizeChange={[Function]}
    onEndReached={[Function]}
    onEndReachedThreshold={0.2}
    onLayout={[Function]}
    onMomentumScrollBegin={[Function]}
    onMomentumScrollEnd={[Function]}
    onScroll={[Function]}
    onScrollBeginDrag={[Function]}
    onScrollEndDrag={[Function]}
    renderItem={[Function]}
    scrollEventThrottle={50}
    stickyHeaderIndices={Array []}
    style={
      Object {
        "flex": 1,
      }
    }
    updateCellsBatchingPeriod={50}
    viewabilityConfigCallbackPairs={Array []}
    windowSize={21}
  >
    <View>
      <View
        onLayout={[Function]}
      >
        <View />
      </View>
      <View
        onLayout={[Function]}
        style={null}
      >
        <ReviewComponent
          author="Antony Maciel"
          content="Great Movie!!!"
          url="https://www.themoviedb.org/review/5d2ddc7d6a300b0011a469df"
        />
        <View />
      </View>
      <View
        onLayout={[Function]}
        style={null}
      >
        <ReviewComponent
          author="Antony Maciel"
          content="Great Movie!, always has amazing content 
 I love this movie"
          url="https://www.themoviedb.org/review/5d2ddc7d6a300b0011a469df"
        />
        <View />
      </View>
      <View
        onLayout={[Function]}
        style={null}
      >
        <ReviewComponent
          author="Antony Maciel"
          content="&^%$#@!"
          url="https://www.themoviedb.org/review/5d2ddc7d6a300b0011a469df"
        />
      </View>
      <View
        onLayout={[Function]}
      >
        <View />
      </View>
    </View>
  </RCTScrollView>
</View>
`;
