// Jest Snapshot v1, https://goo.gl/fbAQLP

exports[`renders details container using Snapshots 1`] = `
<Details
  averageDecimal="1"
  averageNumber="9"
  goToReviews={[Function]}
  overview="Amazing movie"
  title="Spiderman"
  urlbackdropImage="https://image.tmdb.org/t/p/w500/kqjL17yufvn9OVLyXYpvtyrFfak.jpg"
  urlposterImage="https://image.tmdb.org/t/p/w185/kqjL17yufvn9OVLyXYpvtyrFfak.jpg"
  vote_average="9.1"
  vote_count="1200"
/>
`;

exports[`renders details container using Snapshots 2`] = `
<View
  style={
    Object {
      "flex": 1,
      "flexDirection": "column",
      "justifyContent": "center",
    }
  }
>
  <ActivityIndicator
    animating={true}
    color="#db4f48"
    hidesWhenStopped={true}
    size="large"
  />
</View>
`;

exports[`renders details container using Snapshots 3`] = `
<Text>
  Error...
</Text>
`;
