// Jest Snapshot v1, https://goo.gl/fbAQLP

exports[`renders home container using Snapshots 1`] = `
<Home
  loading={true}
  movies={
    Array [
      Object {
        "id": 1,
        "poster_path": "/kqjL17yufvn9OVLyXYpvtyrFfak.jpg",
        "release_date": "2016-5-14",
        "title": "XMan",
        "vote_average": 7.8,
      },
      Object {
        "id": 2,
        "imageUrl": "/kqjL17yufvn9OVLyXYpvtyrFfak.jpg",
        "release_date": "2015-5-9",
        "title": "Superman",
        "vote_average": 0.9,
        "year": "2019",
      },
      Object {
        "id": 3,
        "imageUrl": "/kqjL17yufvn9OVLyXYpvtyrFfak.jpg",
        "release_date": "2005-5-27",
        "title": "Spiderman",
        "vote_average": 8,
        "year": "2019",
      },
    ]
  }
  navigation={
    Object {
      "getParam": [MockFunction],
      "navigate": [MockFunction],
    }
  }
  onNewPage={[Function]}
  onRefresh={[Function]}
/>
`;

exports[`renders home container using Snapshots 2`] = `
<View
  style={
    Object {
      "flex": 1,
      "flexDirection": "column",
      "justifyContent": "center",
    }
  }
>
  <ActivityIndicator
    animating={true}
    color="#db4f48"
    hidesWhenStopped={true}
    size="large"
  />
</View>
`;

exports[`renders home container using Snapshots 3`] = `
<Text>
  Error...
</Text>
`;
